/wiki/Samuel_Cashwan
/wiki/Carl_Holty
/wiki/Fred_Kabotie
/wiki/Rico_Lebrun
/wiki/Fannie_Nampeyo
/wiki/Alice_Neel
/wiki/Betty_Parsons
/wiki/Virginia_True
/wiki/Jack_Tworkov
/wiki/Adja_Yunkers
/wiki/Richmond_Barth%C3%A9
/wiki/Francis_Criss
/wiki/Dorothy_Dehner
/wiki/Beauford_Delaney
/wiki/Walt_Disney
/wiki/Philip_Evergood
/wiki/Greta_Kempton
/wiki/Richard_Lindner_(painter)
/wiki/Louise_Emerson_Ronnebeck
/wiki/Esther_Rose
/wiki/Albert_Swinden
/wiki/John_Augustus_Walker
/wiki/Elof_Wedin
/wiki/Ansel_Easton_Adams
/wiki/Isabel_Bishop
/wiki/Dorr_Bothwell
/wiki/Alexander_Ca%C3%B1edo
/wiki/Roger_Wilson_Dennis
/wiki/Lee_Gatch
/wiki/Donal_Hord
/wiki/Paul_Kelpe
/wiki/Kenzo_Okada
/wiki/I._Rice_Pereira
/wiki/Peter_S._Pezzati
/wiki/Charles_Pollock
/wiki/Isaac_Soyer
/wiki/Maxine_Albro
/wiki/Walter_Inglis_Anderson
/wiki/Joseph_Cornell
/wiki/Vestie_Davis
/wiki/Elwood_Decker
/wiki/Stephen_Etnier
/wiki/Walker_Evans
/wiki/Adolph_Gottlieb
/wiki/Robert_Gwathmey
/wiki/Al_Hirschfeld
/wiki/Seymour_Lipton
/wiki/Charles_S._Martz
/wiki/Isamu_Noguchi
/wiki/Mark_Rothko
/wiki/Louis_Schanker
/wiki/Ethel_Schwabacher
/wiki/Bernarda_Bryson_Shahn
/wiki/Karl_Zerbe
/wiki/Margaret_Bourke-White
/wiki/Hans_Burkhardt
/wiki/Paul_Cadmus
/wiki/Clarence_Holbrook_Carter
/wiki/Arshile_Gorky
/wiki/Chaim_Gross
/wiki/Murray_Hantman
/wiki/Peter_Hurd
/wiki/Willem_de_Kooning
/wiki/Fletcher_Martin
/wiki/Nan_Phelps
/wiki/Jose_de_Rivera
/wiki/Clyfford_Still
/wiki/Leonard_Bahr
/wiki/Grace_Clements_(artist)
/wiki/Perle_Fine
/wiki/Jared_French
/wiki/Forrest_Hibbits
/wiki/Lois_Mailou_Jones
/wiki/Martin_W._Kellogg
/wiki/Doris_Lee
/wiki/Paul_Meltsner
/wiki/Barnett_Newman
/wiki/Sanford_Plummer
/wiki/James_Amos_Porter
/wiki/Anton_Refregier
/wiki/Kurt_Roesch
/wiki/Ray_Strong
/wiki/Harry_Anderson_(artist)
/wiki/Peter_Blume
/wiki/James_Brooks_(painter)
/wiki/Ralston_Crawford
/wiki/Burgoyne_Diller
/wiki/Herbert_Ferber
/wiki/Philip_Johnson
/wiki/Dorothy_Morang
/wiki/David_Smith_(artist)
/wiki/Leon_Polk_Smith
/wiki/Charles_Alston
/wiki/Acee_Blue_Eagle
/wiki/Ilya_Bolotowsky
/wiki/Marie_Z._Chino
/wiki/Jon_Gnagy
/wiki/Jacob_Kainen
/wiki/Albert_Kotin
/wiki/Thomas_C._Lea,_III
/wiki/Michael_Loew
/wiki/Harry_Mintz
/wiki/Walter_Tandy_Murch
/wiki/Fairfield_Porter
/wiki/Gregorio_Prestopino
/wiki/George_Rickey
/wiki/Theodore_Roszak_(artist)
/wiki/Millard_Sheets
/wiki/Henriette_Wyeth
/wiki/Claire_Falkenstein
/wiki/Sybil_Gibson
/wiki/Herblock
/wiki/Lee_Krasner
/wiki/Helen_Lundeberg
/wiki/Nicholas_Marsicano
/wiki/George_McNeil_(artist)
/wiki/Wilber_Moore_Stilwell
/wiki/Roger_Tory_Peterson
/wiki/Minor_White
/wiki/Gertrude_Abercrombie
/wiki/Al_Capp
/wiki/Ettore_DeGrazia
/wiki/Enrico_Donati
/wiki/Cornelia_MacIntyre_Foley
/wiki/Charles_Gordon_(artist)
/wiki/Dorothy_Stratton_King
/wiki/Norman_Lewis_(artist)
/wiki/Alex_Raymond
/wiki/Herman_Rose
/wiki/Manfred_Schwartz
/wiki/Fay_Morgan_Taylor
/wiki/Leonard_Bocour
/wiki/Paul_Feeley
/wiki/James_FitzGerald_(artist)
/wiki/Morris_Graves
/wiki/Hiroshi_Honda_(painter)
/wiki/Franz_Kline
/wiki/Fuller_Potter
/wiki/Mitchell_Siporin
/wiki/Hedda_Sterne
/wiki/Dorothea_Tanning
/wiki/Arnold_Arbeit
/wiki/Will_Barnet
/wiki/Romare_Bearden
/wiki/Louise_Bourgeois
/wiki/Eleanor_Layfield_Davis
/wiki/John_McCrady
/wiki/Carl_Morris_(painter)
/wiki/Hilda_Grossman_Morris
/wiki/David_Park_(painter)
/wiki/Kara_Shepherd
/wiki/Charles_Addams
/wiki/William_Baziotes
/wiki/William_Congdon
/wiki/William_Franklin_Draper_(artist)
/wiki/Fay_Kleinman
/wiki/Ida_Kohlmeyer
/wiki/Alexander_Liberman
/wiki/Morris_Louis
/wiki/Agnes_Martin
/wiki/Phillip_Pavia
/wiki/Jackson_Pollock
/wiki/Raymond_Francis_Robbins
/wiki/Walter_Sanford
/wiki/Tony_Smith_(sculptor)
/wiki/George_Sugarman
/wiki/Carl_Thorp
/wiki/Peter_Agostini
/wiki/Ralph_Leon_Bagley
/wiki/Hyman_Bloom
/wiki/Lawrence_Calcagno
/wiki/Robert_Capa
/wiki/Mary_Gehr
/wiki/Philip_Guston
/wiki/Reuben_Kadish
/wiki/James_Kelly_(abstract_expressionist_artist)
/wiki/Ibram_Lassaw
/wiki/Conrad_Marca-Relli
/wiki/Mercedes_Matter
/wiki/Ruthe_Katherine_Pearlman
/wiki/Ad_Reinhardt
/wiki/Bettina_Steinke
/wiki/Glen_Alps
/wiki/Ward_Brackett
/wiki/Nassos_Daphnis
/wiki/Allan_Houser
/wiki/Gwendolyn_Knight
/wiki/Bernard_Rosenthal
/wiki/Alton_Tobey
/wiki/Emerson_Woelffer
/wiki/Elizabeth_Catlett
/wiki/Claude_Clark
/wiki/John_Rogers_Cox
/wiki/Edward_Dugmore
/wiki/Friedel_Dzubas
/wiki/Ruth_Gikow
/wiki/Sam_Golden
/wiki/Bob_Kane
/wiki/Jack_Levine
/wiki/Clayton_Lewis