/wiki/Edward_Aboufadel
/wiki/Dan_Abramovich
/wiki/Irving_Adler
/wiki/Jim_Agler
/wiki/Yousef_Alavi
/wiki/Akram_Aldroubi
/wiki/Valery_Alexeev_(mathematician)
/wiki/Stephen_Altschul
/wiki/Titu_Andreescu
/wiki/Igor_Ansoff
/wiki/David_Arnold_(mathematician)
/wiki/Donald_Aronson
/wiki/Sanjeev_Arora
/wiki/Sergei_N._Artemov
/wiki/Frank_J._Ayres
/wiki/Frederick_Bagemihl
/wiki/Raghu_Raj_Bahadur
/wiki/A._V._Balakrishnan
/wiki/Deborah_Loewenberg_Ball
/wiki/Ida_Barney
/wiki/Anthony_Bartholomay
/wiki/Clark_Barwick
/wiki/Hyman_Bass
/wiki/Richard_F._Bass
/wiki/Anatole_Beck
/wiki/Adi_Ben-Israel
/wiki/Leonid_Berlyand
/wiki/Roman_Bezrukavnikov
/wiki/Robert_E._Bixby
/wiki/Tom_Bohman
/wiki/Fernanda_Botelho_(mathematician)
/wiki/Dorothy_Brady
/wiki/Edward_Brandt_Jr.
/wiki/Richard_Brauer
/wiki/Hubert_Bray
/wiki/Jeffrey_Brock
/wiki/Richard_Bronson
/wiki/Edward_Brooks_(educator)
/wiki/Frank_W._Bubb_Sr.
/wiki/Julian_J._Bussgang
/wiki/Gunduz_Caginalp
/wiki/Danny_Calegari
/wiki/Erika_Tatiana_Camacho
/wiki/Richard_Canary
/wiki/David_G._Cantor
/wiki/Sally_Elizabeth_Carlson
/wiki/Peter_G._Casazza
/wiki/Bettye_Anne_Case
/wiki/Carlos_Castillo-Chavez
/wiki/Venkat_Chandrasekaran
/wiki/Josephine_Chanler
/wiki/Pliny_Chase
/wiki/Ivan_Cherednik
/wiki/Nikolai_Chernov
/wiki/Erhan_%C3%87inlar
/wiki/Earl_A._Coddington
/wiki/Daniel_I._A._Cohen
/wiki/George_E._Collins
/wiki/Theodore_James_Courant
/wiki/John_David_Crawford
/wiki/James_Crowley_(mathematician)
/wiki/Charles_W._Curtis
/wiki/Panagiota_Daskalopoulos
/wiki/Robert_B._Davis
/wiki/Jes%C3%BAs_A._De_Loera
/wiki/Valeria_de_Paiva
/wiki/Eric_de_Sturler
/wiki/Italo_Jose_Dejter
/wiki/Philippe_Di_Francesco
/wiki/Joseph_Diestel
/wiki/Winston_C._Doby
/wiki/Alexander_Dranishnikov
/wiki/Freeman_Dyson
/wiki/William_Bigelow_Easton
/wiki/James_Eells
/wiki/Ron_Eglash
/wiki/Andrzej_Ehrenfeucht
/wiki/Philip_Ehrlich
/wiki/Mark_Embree
/wiki/Howard_Engstrom
/wiki/George_Bard_Ermentrout
/wiki/Alexander_Esenin-Volpin
/wiki/Eugene_P._Northrop
/wiki/Evan_William_Evans
/wiki/Hugh_Everett_III
/wiki/Rui_Loja_Fernandes
/wiki/Robert_Fernholz
/wiki/Yuval_Flicker
/wiki/Leopoldo_Penna_Franca
/wiki/L%C3%A1szl%C3%B3_Fuchs
/wiki/Howard_G._Funkhouser
/wiki/Mary_Cleophas_Garvin
/wiki/Edgar_Gilbert
/wiki/Peter_B._Gilkey
/wiki/John_Gill_(climber)
/wiki/James_Waterman_Glover
/wiki/Kurt_G%C3%B6del
/wiki/Paul_Goerss
/wiki/Marcel_J._E._Golay
/wiki/Bonnie_Gold
/wiki/Donald_Goldfarb
/wiki/Ron_Goldman_(mathematician)
/wiki/Alexander_Goncharov
/wiki/Mary_de_Lellis_Gough
/wiki/William_Caspar_Graustein
/wiki/Anne_Greenbaum
/wiki/Robert_Everist_Greene
/wiki/Harvey_P._Greenspan
/wiki/Phillip_Griffith
/wiki/Herbert_Gross
/wiki/Denny_Gulick
/wiki/Robert_Guralnick
/wiki/Larry_Guth
/wiki/Richard_Haberman
/wiki/Wassim_Michael_Haddad
/wiki/Deborah_Tepper_Haimo
/wiki/Andr%C3%A1s_Hajnal
/wiki/Betz_Halloran
/wiki/Bruce_Harding
/wiki/Frances_Harshbarger
/wiki/Joel_Hass
/wiki/David_Heath_(probabilist)
/wiki/David_W._Henderson
/wiki/David_B._Hertz
/wiki/Thomas_N._Hibbard
/wiki/Stephen_Hilbert
/wiki/John_Ethan_Hill
/wiki/Jack_G._Hills
/wiki/Isidore_Isaac_Hirschman_Jr.
/wiki/Peter_Hislop
/wiki/V%C3%A1clav_Hlavat%C3%BD
/wiki/Anette_Hosoi
/wiki/Thomas_Hou
/wiki/Louis_Norberg_Howard
/wiki/Chuan-Chih_Hsiung
/wiki/Alan_Huckleberry
/wiki/James_(Mac)_Hyman
/wiki/Alfred_Inselberg
/wiki/Patrick_Ion
/wiki/Alexander_Its
/wiki/Tadeusz_Iwaniec
/wiki/James_R._Jackson
/wiki/Jessie_Marie_Jacobs
/wiki/Jan_Jaworowski
/wiki/List_of_Jewish_American_mathematicians
/wiki/John_Wood_(professor)
/wiki/Robert_E._Johnson_(scientist)
/wiki/Victor_Kac
/wiki/Ted_Kaczynski
/wiki/George_Karniadakis
/wiki/Michael_Katehakis
/wiki/Nick_Katz
/wiki/Ken_Keeler
/wiki/James_Keener
/wiki/Henry_J._Kelley
/wiki/John_Kemp_(mathematician)
/wiki/Hubert_Kennedy
/wiki/Richard_Kenyon
/wiki/Jack_Kiefer_(statistician)
/wiki/Victor_Klee
/wiki/Robert_V._Kohn
/wiki/Ellis_Kolchin
/wiki/J%C3%A1nos_Koll%C3%A1r
/wiki/%C3%81d%C3%A1m_Kor%C3%A1nyi
/wiki/Thomas_G._Kurtz
/wiki/Yuri_A._Kuznetsov
/wiki/Glenda_Lappan
/wiki/Jill_H._Larkin
/wiki/Henry_Laufer
/wiki/Kristin_Lauter
/wiki/Claude_LeBrun
/wiki/Joseph_Lehner
/wiki/Marguerite_Lehr
/wiki/Joan_Leitzel
/wiki/William_J._LeVeque
/wiki/Alain_A._Lewis
/wiki/Enoch_Lewis_(mathematician)
/wiki/Florence_Lewis
/wiki/Michael_Li
/wiki/Anatoly_Libgober
/wiki/Chia-Chiao_Lin
/wiki/Lin_Fanghua
/wiki/George_Logemann
/wiki/Lynette_Long
/wiki/Elisha_Scott_Loomis
/wiki/Lynn_Harold_Loomis
/wiki/Loring_W._Tu
/wiki/Guozhen_Lu
/wiki/Eugene_M._Luks
/wiki/Mikhail_Lyubich
/wiki/Richard_Cockburn_Maclaurin
/wiki/Carolyn_A._Maher
/wiki/Ciprian_Manolescu
/wiki/Bernard_J._Matkowsky
/wiki/Shirley_McBay
/wiki/Kevin_McCurley_(cryptographer)
/wiki/Camille_McKayle
/wiki/Ralph_McKenzie
/wiki/George_H._Mealy
