/wiki/Edward_S._Aarons
/wiki/Dafydd_ab_Hugh
/wiki/Jacob_Ralph_Abarbanell
/wiki/Edward_Abbey
/wiki/Austin_Abbott
/wiki/Benjamin_Vaughan_Abbott
/wiki/Jeff_Abbott
/wiki/Raymond_Abbott
/wiki/Scott_Abbott_(screenwriter)
/wiki/Tony_Abbott_(author)
/wiki/Steve_Abee
/wiki/Robert_H._Abel
/wiki/Alex_Abella
/wiki/Aberjhani
/wiki/Robert_Abernathy
/wiki/Walter_Abish
/wiki/Keith_Ablow
/wiki/Daniel_Abraham_(author)
/wiki/Peter_Abrahams_(American_author)
/wiki/Raymond_Abrashkin
/wiki/Mario_Acevedo_(author)
/wiki/Andr%C3%A9_Aciman
/wiki/Marc_Acito
/wiki/Elliot_Ackerman
/wiki/Forrest_J_Ackerman
/wiki/Duane_Ackerson
/wiki/William_Hayes_Ackland
/wiki/Oscar_Zeta_Acosta
/wiki/Louis_Adamic
/wiki/Andy_Adams_(pseudonym)
/wiki/Andy_Adams_(writer)
/wiki/Brandon_Adams_(poker_player)
/wiki/Eric_J._Adams
/wiki/Francis_Colburn_Adams
/wiki/Henry_Adams
/wiki/John_Turvill_Adams
/wiki/Robert_Adams_(science_fiction_writer)
/wiki/Samuel_Hopkins_Adams
/wiki/William_Taylor_Adams
/wiki/George_Adamski
/wiki/Isaac_Adamson
/wiki/Thomas_Adcock
/wiki/George_Ade
/wiki/Patrick_H._Adkins
/wiki/Robert_H._Adleman
/wiki/Allen_Adler
/wiki/Warren_Adler
/wiki/Chris_Adrian
/wiki/James_Agee
/wiki/Waldemar_Ager
/wiki/Forrest_Aguirre
/wiki/Jerry_Ahern
/wiki/Paco_Ahlgren
/wiki/Saladin_Ahmed
/wiki/Conrad_Aiken
/wiki/Jim_Aikin
/wiki/Will_Aitken
/wiki/Hiag_Akmakjian
/wiki/Rabih_Alameddine
/wiki/Daniel_Alarc%C3%B3n
/wiki/Marvin_Albert
/wiki/Mitch_Albom
/wiki/Clifford_Lindsey_Alderman
/wiki/Thomas_Bailey_Aldrich
/wiki/David_M._Alexander
/wiki/Karl_Alexander_(writer)
/wiki/Lloyd_Alexander
/wiki/William_Alexander_(author)
/wiki/Sherman_Alexie
/wiki/Felipe_Alfau
/wiki/Richard_Alfieri
/wiki/Horatio_Alger
/wiki/Nelson_Algren
/wiki/Kazim_Ali
/wiki/Ed_Allen_(writer)
/wiki/Henry_Wilson_Allen
/wiki/Hervey_Allen
/wiki/James_Lane_Allen
/wiki/Mike_Allen_(poet)
/wiki/Roger_MacBride_Allen
/wiki/Henry_Alley
/wiki/Will_Allison
/wiki/Aaron_Allston
/wiki/Steve_Alten
/wiki/Steven-Elliot_Altman
/wiki/Andrew_Foster_Altschul
/wiki/Joseph_Alexander_Altsheler
/wiki/Noel_Alumit
/wiki/Charles_Alverson
/wiki/Joe_Amato_(poet)
/wiki/Mark_Amerika
/wiki/Delano_Ames
/wiki/Jonathan_Ames
/wiki/Joseph_Bushnell_Ames
/wiki/Steve_Amick
/wiki/Joseph_Amiel
/wiki/Richard_Amory
/wiki/Steven_Amsterdam
/wiki/Benjamin_Anastas
/wiki/Rudolfo_Anaya
/wiki/Lou_Anders
/wiki/Kurt_Andersen
/wiki/Jacob_Anderson-Minshall
/wiki/Chester_Anderson
/wiki/Eric_Chase_Anderson
/wiki/Kent_Anderson_(novelist)
/wiki/Kevin_J._Anderson
/wiki/Matthew_Tobin_Anderson
/wiki/Nephi_Anderson
/wiki/Paul_Lewis_Anderson
/wiki/Poul_Anderson
/wiki/Robert_Mailer_Anderson
/wiki/Scott_Anderson_(novelist)
/wiki/Sherwood_Anderson
/wiki/William_Charles_Anderson
/wiki/Jesse_Andrews
/wiki/Raymond_Andrews
/wiki/Robert_Hardy_Andrews
/wiki/Marc_Andreyko
/wiki/Jeff_Andrus
/wiki/Jaime_de_Angulo
/wiki/Jay_Anson
/wiki/Mark_Anthony_(writer)
/wiki/Piers_Anthony
/wiki/Lou_Antonelli
/wiki/Brian_Antoni
/wiki/Nick_Antosca
/wiki/Donald_Antrim
/wiki/Taylor_Antrim
/wiki/Christopher_Anvil
/wiki/Scott_Apel
/wiki/Allen_Appel
/wiki/Benjamin_Appel
/wiki/Jacob_M._Appel
/wiki/Max_Apple
/wiki/Charles_Ardai
/wiki/Tony_Ardizzone
/wiki/Robert_Arellano
/wiki/Reinaldo_Arenas
/wiki/Anne_Argula
/wiki/Ron_Arias
/wiki/David_Armand_(author)
/wiki/Alan_Armstrong
/wiki/Harold_Hunter_Armstrong
/wiki/William_Armstrong_(music_critic)
/wiki/William_H._Armstrong
/wiki/Elliott_Arnold
/wiki/Tedd_Arnold
/wiki/Michael_Arnzen
/wiki/Robert_Arthur_Jr.
/wiki/Robert_P._Arthur
/wiki/Timothy_Shay_Arthur
/wiki/Nick_Arvin
/wiki/Reed_Arvin
/wiki/Sholem_Asch
/wiki/Noah_Ashenhurst
/wiki/Jay_Asher
/wiki/Jabari_Asim
/wiki/Isaac_Asimov
/wiki/Pierce_Askegren
/wiki/Robert_Asprin
/wiki/Philip_Athans
/wiki/Ace_Atkins
/wiki/A._A._Attanasio
/wiki/Brian_Attebery
/wiki/Lester_Atwell
/wiki/Louis_Auchincloss
/wiki/John_Emil_Augustine
/wiki/Joseph_Auslander
/wiki/Chuck_Austen
/wiki/Paul_Auster
/wiki/Michael_Avallone
/wiki/Thomas_Fox_Averill
/wiki/Avi_(author)
/wiki/Andrew_Aydin
/wiki/Brian_Azzarello
/wiki/James_Baar
/wiki/Ken_Babbs
/wiki/Richard_Bach
/wiki/Chris_Bachelder
/wiki/Irving_Bacheller
/wiki/Paolo_Bacigalupi
/wiki/Robert_Baer
/wiki/Will_Christopher_Baer
/wiki/George_Bagby_(author)
/wiki/Charles_W._Bailey_II
/wiki/Daniel_%22Chipp%22_Bailey
/wiki/Paul_Dayton_Bailey
/wiki/Robin_Wayne_Bailey
/wiki/Donald_Bain_(writer)
/wiki/C._D._Baker_(author)
/wiki/Calvin_Baker
/wiki/James_Robert_Baker
/wiki/Keith_Baker_(game_designer)
/wiki/Kevin_Baker_(author)
/wiki/Nicholson_Baker
/wiki/Richard_Baker_(game_designer)
/wiki/Scott_Baker_(writer)
/wiki/Robert_T._Bakker
/wiki/Dean_Bakopoulos
