/wiki/Jules_Aarons
/wiki/Benjamin_Abeles
/wiki/Philip_Abelson
/wiki/Neal_B._Abraham
/wiki/Elihu_Abrahams
/wiki/Richard_L._Abrams
/wiki/Loren_Acton
/wiki/Chris_Adami
/wiki/Edwin_Plimpton_Adams
/wiki/Fred_Adams
/wiki/Ilesanmi_Adesida
/wiki/Allen_Adler_(executive)
/wiki/David_Adler_(physicist)
/wiki/Mark_Adler
/wiki/Stephen_L._Adler
/wiki/Gabriel_Aeppli
/wiki/Shahriar_Afshar
/wiki/E._Theo_Agard
/wiki/Alfie_Agnew
/wiki/Harold_Agnew
/wiki/Howard_H._Aiken
/wiki/John_Edgar_Ainsworth
/wiki/Michael_Aizenman
/wiki/Akintunde_Akinwande
/wiki/Mohammad_Sajjad_Alam
/wiki/Andreas_Albrecht_(cosmologist)
/wiki/Parney_Albright
/wiki/George_Edward_Alcorn_Jr.
/wiki/Berni_Alder
/wiki/Robert_Alfano
/wiki/Rod_C._Alferness
/wiki/Rhett_Allain
/wiki/David_W._Allan
/wiki/Mildred_Allen
/wiki/Carroll_Alley
/wiki/William_Allis
/wiki/Samuel_King_Allison
/wiki/Ralph_Asher_Alpher
/wiki/David_Alter
/wiki/Luis_Walter_Alvarez
/wiki/Ernest_Ambler
/wiki/Gene_Amdahl
/wiki/Michael_R._Anastasio
/wiki/Betsy_Ancker-Johnson
/wiki/Carl_David_Anderson
/wiki/Elda_Emma_Anderson
/wiki/Herbert_L._Anderson
/wiki/James_B._Anderson
/wiki/Kinsey_Anderson
/wiki/Philip_Warren_Anderson
/wiki/Vassilis_Angelopoulos
/wiki/Hal_Anger
/wiki/Mikhail_Anisimov
/wiki/Gladys_Anslow
/wiki/William_Arnold_Anthony
/wiki/Giorgio_Apollinari
/wiki/Ian_Appelbaum
/wiki/Thomas_Appelquist
/wiki/Hassan_Aref
/wiki/George_B._Arfken
/wiki/Philip_Argyres
/wiki/Nima_Arkani-Hamed
/wiki/Stephen_Arnold_(scientist)
/wiki/Robert_Arns
/wiki/Sam_Aronson
/wiki/John_Arrington
/wiki/John_R._Arthur_Jr.
/wiki/Neil_Ashby
/wiki/Arthur_Ashkin
/wiki/Julius_Ashkin
/wiki/John_F._Asmus
/wiki/David_E._Aspnes
/wiki/Allen_V._Astin
/wiki/Muzaffer_Atac
/wiki/John_Vincent_Atanasoff
/wiki/Louis_Winslow_Austin
/wiki/Robert_Hamilton_Austin
/wiki/Stanley_Autler
/wiki/David_Avison
/wiki/David_Awschalom
/wiki/Alexander_Dallas_Bache
/wiki/John_Backus_(acoustician)
/wiki/Roger_Bacon_(physicist)
/wiki/Tom_Baehr-Jones
/wiki/Thomas_M._Baer
/wiki/Hans_Christian_von_Baeyer
/wiki/Albert_Baez
/wiki/John_C._Baez
/wiki/Robert_M._L._Baker_Jr.
/wiki/Alexander_V._Balatsky
/wiki/George_C._Baldwin
/wiki/William_Freer_Bale
/wiki/Stanley_S._Ballard
/wiki/Jae_R._Ballif
/wiki/Tom_Banks_(physicist)
/wiki/Yoseph_Bar-Cohen
/wiki/Albert-L%C3%A1szl%C3%B3_Barab%C3%A1si
/wiki/Karen_Barad
/wiki/James_M._Bardeen
/wiki/John_Bardeen
/wiki/William_A._Bardeen
/wiki/Valentine_Bargmann
/wiki/Barry_Barish
/wiki/Walter_H._Barkas
/wiki/Thomas_G._Barnes
/wiki/Samuel_Jackson_Barnett
/wiki/Gerald_O._Barney
/wiki/Stephen_Barr
/wiki/Itzhak_Bars
/wiki/Henry_H._Barschall
/wiki/Albert_Allen_Bartlett
/wiki/Boyd_Bartlett
/wiki/Carl_Barus
/wiki/As%C4%B1m_Orhan_Barut
/wiki/Danielle_Bassett
/wiki/William_Bassichis
/wiki/Kevin_Bassler
/wiki/Ernst_G._Bauer
/wiki/Wolfgang_Bauer_(physicist)
/wiki/Gordon_Baym
/wiki/Malcolm_Beasley
/wiki/Petr_Beckmann
/wiki/Michael_Bedzyk
/wiki/Farhat_N._Beg
/wiki/M._A._B._Beg
/wiki/Robert_Behringer
/wiki/Eugene_W._Beier
/wiki/George_Bekefi
/wiki/John_Winston_Belcher
/wiki/Alexander_Graham_Bell
/wiki/George_Irving_Bell
/wiki/L._Douglas_Bell
/wiki/Carl_M._Bender
/wiki/George_Benedek
/wiki/Frank_Benford
/wiki/Gregory_Benford
/wiki/Charles_H._Bennett_(computer_scientist)
/wiki/Edward_Bennett_(physicist)
/wiki/Jean_M._Bennett
/wiki/Willard_Harrison_Bennett
/wiki/William_R._Bennett_Jr.
/wiki/Seymour_Benzer
/wiki/Richard_E._Berendzen
/wiki/David_Berenstein
/wiki/Bernd_Berg
/wiki/Howard_Berg
/wiki/Lloyd_Berkner
/wiki/Zvi_Bern
/wiki/Ira_B._Bernstein
/wiki/Jeremy_Bernstein
/wiki/Clifford_Berry
/wiki/George_F._Bertsch
/wiki/Hans_Bethe
/wiki/Eric_Betzig
/wiki/Robert_T._Beyer
/wiki/John_Robert_Beyster
/wiki/Sergey_M._Bezrukov
/wiki/Mani_Lal_Bhaumik
/wiki/William_Bialek
/wiki/William_P._Bidelman
/wiki/Lawrence_Biedenharn
/wiki/Paul_Alfred_Biefeld
/wiki/Arthur_Bienenstock
/wiki/Lars_Bildsten
/wiki/Bruce_H._Billings
/wiki/Robert_Bindschadler
/wiki/Michael_Binger
/wiki/Francis_Bitter
/wiki/James_Bjorken
/wiki/Gary_C._Bjorklund
/wiki/Allan_Blaer
/wiki/William_R._Blair
/wiki/Michael_Blanton
/wiki/Walker_Bleakney
/wiki/Susan_Blessing
/wiki/Felix_Bloch
/wiki/Lorin_Blodget
/wiki/Katharine_Burr_Blodgett
/wiki/Nicolaas_Bloembergen
/wiki/Ken_Bloom_(physicist)
/wiki/Girsh_Blumberg
/wiki/John_Boardman_(physicist)
/wiki/Mary_L._Boas
/wiki/Hendrik_Wade_Bode
/wiki/Arie_Bodek
/wiki/Gregory_S._Boebinger
/wiki/Jose_Boedo
/wiki/Karl_Wolfgang_Boer
/wiki/David_Bohm
/wiki/Richard_Bolt
/wiki/Tom_W._Bonner
/wiki/Henry_G._Booker
/wiki/Eugene_T._Booth
/wiki/Allen_Boozer
/wiki/Mark_Boslough
/wiki/Peter_Bosted
/wiki/Winston_H._Bostick
/wiki/Virgil_E._Bottom
/wiki/Edward_Bouchet
