Acee_Blue_Eagle
Adja_Yunkers
Adolph_Gottlieb
Ad_Reinhardt
Agnes_Martin
Albert_Kotin
Albert_Swinden
Al_Capp
Alexander_Ca%C3%B1edo
Alexander_Liberman
Al_Hirschfeld
Alice_Neel
Alton_Tobey
Ansel_Easton_Adams
Anton_Refregier
Arnold_Arbeit
Arshile_Gorky
Barnett_Newman
Beauford_Delaney
Bernarda_Bryson_Shahn
Bettina_Steinke
Burgoyne_Diller
Carl_Holty
Carl_Morris_(painter)
Chaim_Gross
Charles_Addams
Charles_Gordon_(artist)
Charles_Pollock
Charles_S._Martz
Claire_Falkenstein
Clarence_Holbrook_Carter
Claude_Clark
Clayton_Lewis
Clyfford_Still
Conrad_Marca-Relli
Cornelia_MacIntyre_Foley
David_Park_(painter)
David_Smith_(artist)
Donal_Hord
Doris_Lee
Dorothea_Tanning
Dorothy_Dehner
Dorothy_Morang
Dorothy_Stratton_King
Dorr_Bothwell
Edward_Dugmore
Eleanor_Layfield_Davis
Elizabeth_Catlett
Elof_Wedin
Elwood_Decker
Emerson_Woelffer
Esther_Rose
Ethel_Schwabacher
Ettore_DeGrazia
Fairfield_Porter
Fannie_Nampeyo
Fay_Kleinman
Fay_Morgan_Taylor
Fletcher_Martin
Forrest_Hibbits
Francis_Criss
Franz_Kline
Fred_Kabotie
Friedel_Dzubas
Fuller_Potter
George_McNeil_(artist)
George_Rickey
George_Sugarman
Gertrude_Abercrombie
Glen_Alps
Grace_Clements_(artist)
Gregorio_Prestopino
Greta_Kempton
Gwendolyn_Knight
Hans_Burkhardt
Hedda_Sterne
Helen_Lundeberg
Herbert_Ferber
Herblock
Herman_Rose
Hilda_Grossman_Morris
Hiroshi_Honda_(painter)
Hyman_Bloom
Ibram_Lassaw
Ilya_Bolotowsky
I._Rice_Pereira
Isaac_Soyer
Isabel_Bishop
Isamu_Noguchi
Jackson_Pollock
Jack_Tworkov
Jacob_Kainen
James_Amos_Porter
James_Brooks_(painter)
James_FitzGerald_(artist)
James_Kelly_(abstract_expressionist_artist)
Jared_French
John_Augustus_Walker
John_McCrady
John_Rogers_Cox
Jon_Gnagy
Jose_de_Rivera
Joseph_Cornell
Kara_Shepherd
Karl_Zerbe
Kenzo_Okada
Kurt_Roesch
Lawrence_Calcagno
Leonard_Bahr
Leonard_Bocour
Leon_Polk_Smith
Lois_Mailou_Jones
Louise_Bourgeois
Louise_Emerson_Ronnebeck
Louis_Schanker
Manfred_Schwartz
Margaret_Bourke-White
Marie_Z._Chino
Martin_W._Kellogg
Mary_Gehr
Maxine_Albro
Mercedes_Matter
Michael_Loew
Millard_Sheets
Morris_Graves
Morris_Louis
Murray_Hantman
Nan_Phelps
Nassos_Daphnis
Nicholas_Marsicano
Norman_Lewis_(artist)
Paul_Cadmus
Paul_Feeley
Paul_Kelpe
Paul_Meltsner
Perle_Fine
Peter_Agostini
Peter_Blume
Peter_Hurd
Peter_S._Pezzati
Philip_Evergood
Philip_Guston
Philip_Johnson
Phillip_Pavia
Ralph_Leon_Bagley
Ralston_Crawford
Raymond_Francis_Robbins
Ray_Strong
Reuben_Kadish
Richard_Lindner_(painter)
Richmond_Barth%C3%A9
Rico_Lebrun
Robert_Capa
Robert_Gwathmey
Roger_Tory_Peterson
Roger_Wilson_Dennis
Romare_Bearden
Ruthe_Katherine_Pearlman
Ruth_Gikow
Sam_Golden
Samuel_Cashwan
Sanford_Plummer
Stephen_Etnier
Sybil_Gibson
Theodore_Roszak_(artist)
Thomas_C._Lea,_III
Tony_Smith_(sculptor)
Vestie_Davis
Virginia_True
Walt_Disney
Walter_Inglis_Anderson
Walter_Sanford
Walter_Tandy_Murch
Ward_Brackett
Wilber_Moore_Stilwell
Will_Barnet
Willem_de_Kooning
William_Baziotes
William_Congdon
William_Franklin_Draper_(artist)
