A._A._Attanasio
Aaron_Allston
Aberjhani
Ace_Atkins
Alan_Armstrong
Allen_Adler
Allen_Appel
Andr%C3%A9_Aciman
Andrew_Aydin
Andrew_Foster_Altschul
Andy_Adams_(pseudonym)
Andy_Adams_(writer)
Anne_Argula
Austin_Abbott
Avi_(author)
Benjamin_Anastas
Benjamin_Appel
Benjamin_Vaughan_Abbott
Brandon_Adams_(poker_player)
Brian_Antoni
Brian_Attebery
Brian_Azzarello
Calvin_Baker
C._D._Baker_(author)
Charles_Alverson
Charles_Ardai
Charles_W._Bailey_II
Chester_Anderson
Chris_Adrian
Chris_Bachelder
Christopher_Anvil
Chuck_Austen
Clifford_Lindsey_Alderman
Conrad_Aiken
Dafydd_ab_Hugh
Daniel_%22Chipp%22_Bailey
Daniel_Abraham_(author)
Daniel_Alarc%C3%B3n
David_Armand_(author)
David_M._Alexander
Dean_Bakopoulos
Delano_Ames
Donald_Antrim
Donald_Bain_(writer)
Duane_Ackerson
Ed_Allen_(writer)
Edward_Abbey
Edward_S._Aarons
Elliot_Ackerman
Elliott_Arnold
Eric_Chase_Anderson
Eric_J._Adams
Felipe_Alfau
Forrest_Aguirre
Forrest_J_Ackerman
Francis_Colburn_Adams
George_Adamski
George_Ade
George_Bagby_(author)
Harold_Hunter_Armstrong
Henry_Adams
Henry_Wilson_Allen
Hervey_Allen
Hiag_Akmakjian
Horatio_Alger
Irving_Bacheller
Isaac_Adamson
Isaac_Asimov
Jabari_Asim
Jacob_Anderson-Minshall
Jacob_M._Appel
Jacob_Ralph_Abarbanell
Jaime_de_Angulo
James_Baar
James_Lane_Allen
James_Robert_Baker
Jay_Asher
Jeff_Andrus
Jerry_Ahern
Jesse_Andrews
Jim_Aikin
John_Emil_Augustine
John_Turvill_Adams
Jonathan_Ames
Joseph_Alexander_Altsheler
Joseph_Amiel
Joseph_Auslander
Joseph_Bushnell_Ames
Kazim_Ali
Keith_Ablow
Keith_Baker_(game_designer)
Ken_Babbs
Kent_Anderson_(novelist)
Kevin_Baker_(author)
Kevin_J._Anderson
Kurt_Andersen
Lloyd_Alexander
Lou_Anders
Louis_Adamic
Marc_Acito
Marc_Andreyko
Mario_Acevedo_(author)
Mark_Amerika
Mark_Anthony_(writer)
Marvin_Albert
Matthew_Tobin_Anderson
Max_Apple
Michael_Arnzen
Michael_Avallone
Mike_Allen_(poet)
Mitch_Albom
Nelson_Algren
Nephi_Anderson
Nicholson_Baker
Nick_Antosca
Nick_Arvin
Noel_Alumit
Oscar_Zeta_Acosta
Paco_Ahlgren
Paolo_Bacigalupi
Patrick_H._Adkins
Paul_Auster
Paul_Dayton_Bailey
Peter_Abrahams_(American_author)
Philip_Athans
Pierce_Askegren
Piers_Anthony
Rabih_Alameddine
Raymond_Abbott
Raymond_Andrews
Reed_Arvin
Reinaldo_Arenas
Richard_Alfieri
Richard_Amory
Richard_Bach
Robert_Abernathy
Robert_Adams_(science_fiction_writer)
Robert_Arellano
Robert_Asprin
Robert_Baer
Robert_H._Abel
Robert_H._Adleman
Robert_Hardy_Andrews
Robert_Mailer_Anderson
Robert_T._Bakker
Robin_Wayne_Bailey
Roger_MacBride_Allen
Ron_Arias
Saladin_Ahmed
Samuel_Hopkins_Adams
Scott_Abbott_(screenwriter)
Scott_Anderson_(novelist)
Scott_Baker_(writer)
Sherman_Alexie
Sholem_Asch
Steve_Abee
Steve_Alten
Steve_Amick
Steven_Amsterdam
Steven-Elliot_Altman
Taylor_Antrim
Tedd_Arnold
Thomas_Adcock
Thomas_Bailey_Aldrich
Thomas_Fox_Averill
Timothy_Shay_Arthur
Tony_Abbott_(author)
Tony_Ardizzone
Waldemar_Ager
Walter_Abish
Warren_Adler
Will_Aitken
Will_Allison
Will_Christopher_Baer
William_Alexander_(author)
William_Armstrong_(music_critic)
William_Charles_Anderson
William_H._Armstrong
William_Hayes_Ackland
William_Taylor_Adams
