Adi_Ben-Israel
Alain_A._Lewis
Alan_Huckleberry
Alexander_Dranishnikov
Alexander_Esenin-Volpin
Alexander_Goncharov
Alexander_Its
Alfred_Inselberg
Anatole_Beck
Anatoly_Libgober
Andr%C3%A1s_Hajnal
Andrzej_Ehrenfeucht
Anette_Hosoi
Anne_Greenbaum
Anthony_Bartholomay
A._V._Balakrishnan
Bernard_J._Matkowsky
Bettye_Anne_Case
Betz_Halloran
Bonnie_Gold
%C3%81d%C3%A1m_Kor%C3%A1nyi
Camille_McKayle
Carlos_Castillo-Chavez
Carolyn_A._Maher
Charles_W._Curtis
Chia-Chiao_Lin
Chuan-Chih_Hsiung
Ciprian_Manolescu
Clark_Barwick
Claude_LeBrun
Daniel_I._A._Cohen
Danny_Calegari
David_Arnold_(mathematician)
David_B._Hertz
David_G._Cantor
David_Heath_(probabilist)
David_W._Henderson
Deborah_Loewenberg_Ball
Deborah_Tepper_Haimo
Denny_Gulick
Donald_Aronson
Donald_Goldfarb
Earl_A._Coddington
Edgar_Gilbert
Edward_Aboufadel
Edward_Brandt_Jr.
Edward_Brooks_(educator)
Elisha_Scott_Loomis
Ellis_Kolchin
Enoch_Lewis_(mathematician)
Erika_Tatiana_Camacho
Eugene_P._Northrop
Evan_William_Evans
Fernanda_Botelho_(mathematician)
Florence_Lewis
Frances_Harshbarger
Frank_J._Ayres
Frank_W._Bubb_Sr.
Frederick_Bagemihl
Freeman_Dyson
George_Bard_Ermentrout
George_E._Collins
George_H._Mealy
George_Karniadakis
George_Logemann
Glenda_Lappan
Gunduz_Caginalp
Guozhen_Lu
Harvey_P._Greenspan
Henry_J._Kelley
Henry_Laufer
Howard_Engstrom
Howard_G._Funkhouser
Hubert_Bray
Hubert_Kennedy
Hugh_Everett_III
Ida_Barney
Igor_Ansoff
Isidore_Isaac_Hirschman_Jr.
Italo_Jose_Dejter
Ivan_Cherednik
Jack_G._Hills
Jack_Kiefer_(statistician)
James_Eells
James_Keener
James_(Mac)_Hyman
James_R._Jackson
James_Waterman_Glover
J%C3%A1nos_Koll%C3%A1r
Jes%C3%BAs_A._De_Loera
Jessie_Marie_Jacobs
Jill_H._Larkin
Jim_Agler
Joan_Leitzel
Joel_Hass
John_David_Crawford
John_Ethan_Hill
John_Gill_(climber)
John_Kemp_(mathematician)
John_Wood_(professor)
Joseph_Diestel
Josephine_Chanler
Julian_J._Bussgang
Ken_Keeler
Kevin_McCurley_(cryptographer)
Kurt_G%C3%B6del
Larry_Guth
L%C3%A1szl%C3%B3_Fuchs
Leonid_Berlyand
Lin_Fanghua
List_of_Jewish_American_mathematicians
Loring_W._Tu
Louis_Norberg_Howard
Lynette_Long
Lynn_Harold_Loomis
Marcel_J._E._Golay
Marguerite_Lehr
Mark_Embree
Mary_Cleophas_Garvin
Mary_de_Lellis_Gough
Michael_Katehakis
Mikhail_Lyubich
Nick_Katz
Nikolai_Chernov
Panagiota_Daskalopoulos
Patrick_Ion
Paul_Goerss
Peter_G._Casazza
Peter_Hislop
Philip_Ehrlich
Philippe_Di_Francesco
Phillip_Griffith
Pliny_Chase
Raghu_Raj_Bahadur
Ralph_McKenzie
Richard_Brauer
Richard_Bronson
Richard_Canary
Richard_Cockburn_Maclaurin
Richard_Haberman
Richard_Kenyon
Robert_B._Davis
Robert_E._Bixby
Robert_E._Johnson_(scientist)
Robert_Everist_Greene
Robert_Fernholz
Robert_Guralnick
Robert_V._Kohn
Ron_Eglash
Ron_Goldman_(mathematician)
Rui_Loja_Fernandes
Sally_Elizabeth_Carlson
Sanjeev_Arora
Sergei_N._Artemov
Shirley_McBay
Stephen_Altschul
Stephen_Hilbert
Tadeusz_Iwaniec
Ted_Kaczynski
Theodore_James_Courant
Thomas_G._Kurtz
Thomas_Hou
Thomas_N._Hibbard
Titu_Andreescu
Tom_Bohman
Valeria_de_Paiva
Valery_Alexeev_(mathematician)
V%C3%A1clav_Hlavat%C3%BD
Venkat_Chandrasekaran
Victor_Kac
Victor_Klee
Wassim_Michael_Haddad
William_Bigelow_Easton
William_Caspar_Graustein
William_J._LeVeque
Winston_C._Doby
Yousef_Alavi
Yuri_A._Kuznetsov
Yuval_Flicker
