Albert_Baez
Albert-L%C3%A1szl%C3%B3_Barab%C3%A1si
Alexander_Dallas_Bache
Alexander_Graham_Bell
Allan_Blaer
Allen_Adler_(executive)
Allen_Boozer
Allen_V._Astin
Andreas_Albrecht_(cosmologist)
Arie_Bodek
Arthur_Ashkin
Arthur_Bienenstock
As%C4%B1m_Orhan_Barut
Barry_Barish
Benjamin_Abeles
Berni_Alder
Betsy_Ancker-Johnson
Boyd_Bartlett
Bruce_H._Billings
Carl_Barus
Carroll_Alley
Charles_H._Bennett_(computer_scientist)
Chris_Adami
Clifford_Berry
Danielle_Bassett
David_Adler_(physicist)
David_Alter
David_Avison
David_Awschalom
David_Berenstein
David_Bohm
David_E._Aspnes
David_W._Allan
Edward_Bennett_(physicist)
Edward_Bouchet
Edwin_Plimpton_Adams
Elda_Emma_Anderson
Elihu_Abrahams
Eric_Betzig
Ernest_Ambler
Ernst_G._Bauer
E._Theo_Agard
Eugene_T._Booth
Eugene_W._Beier
Farhat_N._Beg
Felix_Bloch
Francis_Bitter
Frank_Benford
Fred_Adams
Gabriel_Aeppli
Gary_C._Bjorklund
Gene_Amdahl
George_B._Arfken
George_Bekefi
George_Benedek
George_C._Baldwin
George_Edward_Alcorn_Jr.
George_F._Bertsch
George_Irving_Bell
Gerald_O._Barney
Giorgio_Apollinari
Girsh_Blumberg
Gladys_Anslow
Gregory_Benford
Gregory_S._Boebinger
Hal_Anger
Hans_Bethe
Harold_Agnew
Hassan_Aref
Hendrik_Wade_Bode
Henry_G._Booker
Henry_H._Barschall
Herbert_L._Anderson
Howard_H._Aiken
Ian_Appelbaum
Ilesanmi_Adesida
Ira_B._Bernstein
Itzhak_Bars
Jae_R._Ballif
James_B._Anderson
James_Bjorken
James_M._Bardeen
Jeremy_Bernstein
John_Arrington
John_Backus_(acoustician)
John_Bardeen
John_Boardman_(physicist)
John_C._Baez
John_Edgar_Ainsworth
John_F._Asmus
John_R._Arthur_Jr.
John_Robert_Beyster
John_Vincent_Atanasoff
John_Winston_Belcher
Jose_Boedo
Jules_Aarons
Julius_Ashkin
Karen_Barad
Katharine_Burr_Blodgett
Ken_Bloom_(physicist)
Kevin_Bassler
Kinsey_Anderson
Lawrence_Biedenharn
L._Douglas_Bell
Lloyd_Berkner
Loren_Acton
Lorin_Blodget
Louis_Winslow_Austin
Luis_Walter_Alvarez
M._A._B._Beg
Malcolm_Beasley
Mani_Lal_Bhaumik
Mark_Adler
Mark_Boslough
Mary_L._Boas
Michael_Bedzyk
Michael_Binger
Michael_Blanton
Michael_R._Anastasio
Mikhail_Anisimov
Mildred_Allen
Mohammad_Sajjad_Alam
Muzaffer_Atac
Neal_B._Abraham
Neil_Ashby
Nicolaas_Bloembergen
Nima_Arkani-Hamed
Parney_Albright
Paul_Alfred_Biefeld
Peter_Bosted
Petr_Beckmann
Philip_Abelson
Philip_Argyres
Philip_Warren_Anderson
Ralph_Asher_Alpher
Rhett_Allain
Richard_E._Berendzen
Richard_L._Abrams
Robert_Alfano
Robert_Arns
Robert_Behringer
Robert_Bindschadler
Robert_Hamilton_Austin
Robert_M._L._Baker_Jr.
Robert_T._Beyer
Rod_C._Alferness
Roger_Bacon_(physicist)
Sam_Aronson
Samuel_King_Allison
Sergey_M._Bezrukov
Seymour_Benzer
Shahriar_Afshar
Stanley_Autler
Stanley_S._Ballard
Stephen_Arnold_(scientist)
Stephen_L._Adler
Susan_Blessing
Thomas_Appelquist
Thomas_G._Barnes
Thomas_M._Baer
Tom_Baehr-Jones
Tom_W._Bonner
Valentine_Bargmann
Vassilis_Angelopoulos
Walker_Bleakney
Walter_H._Barkas
Willard_Harrison_Bennett
William_A._Bardeen
William_Allis
William_Arnold_Anthony
William_Bassichis
William_Bialek
William_Freer_Bale
William_R._Bennett_Jr.
William_R._Blair
Winston_H._Bostick
Wolfgang_Bauer_(physicist)
Yoseph_Bar-Cohen
Zvi_Bern
